******************************************************************************
                  TI ARM Linker PC v16.9.1                     
******************************************************************************
>> Linked Tue Apr 25 09:23:35 2017

OUTPUT FILE NAME:   <Li-Fi Transmitter V0.1.out>
ENTRY POINT SYMBOL: "_c_int00"  address: 000009f5


MEMORY CONFIGURATION

         name            origin    length      used     unused   attr    fill
----------------------  --------  ---------  --------  --------  ----  --------
  FLASH                 00000000   00040000  00000ec4  0003f13c  R  X
  SRAM                  20000000   00008000  00000350  00007cb0  RW X


SEGMENT ALLOCATION MAP

run origin  load origin   length   init length attrs members
----------  ----------- ---------- ----------- ----- -------
00000000    00000000    00000ec8   00000ec8    r-x
  00000000    00000000    0000026c   0000026c    r-- .intvecs
  0000026c    0000026c    00000aac   00000aac    r-x .text
  00000d18    00000d18    0000016c   0000016c    r-- .const
  00000e88    00000e88    00000040   00000040    r-- .cinit
20000000    20000000    00000350   00000000    rw-
  20000000    20000000    00000200   00000000    rw- .stack
  20000200    20000200    0000012c   00000000    rw- .bss
  2000032c    2000032c    00000024   00000000    rw- .data


SECTION ALLOCATION MAP

 output                                  attributes/
section   page    origin      length       input sections
--------  ----  ----------  ----------   ----------------
.intvecs   0    00000000    0000026c     
                  00000000    0000026c     tm4c123gh6pm_startup_ccs.obj (.intvecs)

.text      0    0000026c    00000aac     
                  0000026c    000001f8     main.obj (.text)
                  00000464    00000132     driverlib.lib : gpio.obj (.text:GPIOPadConfigSet)
                  00000596    00000002     rtsv7M4_T_le_v4SPD16_eabi.lib : mpu_init.obj (.text)
                  00000598    00000110     driverlib.lib : sysctl.obj (.text:SysCtlClockGet)
                  000006a8    000000f4                   : sysctl.obj (.text:SysCtlClockSet)
                  0000079c    0000009c     rtsv7M4_T_le_v4SPD16_eabi.lib : memcpy_t2.obj (.text)
                  00000838    0000007a                                   : memset_t2.obj (.text)
                  000008b2    00000002                                   : startup.obj (.text)
                  000008b4    00000070                                   : autoinit.obj (.text)
                  00000924    00000068     driverlib.lib : interrupt.obj (.text:IntEnable)
                  0000098c    00000068     rtsv7M4_T_le_v4SPD16_eabi.lib : copy_decompress_lzss.obj (.text:decompress:lzss)
                  000009f4    00000054                                   : boot.obj (.text)
                  00000a48    00000054                                   : exit.obj (.text)
                  00000a9c    0000004c                                   : cpy_tbl.obj (.text)
                  00000ae8    00000048     driverlib.lib : gpio.obj (.text:GPIOPinConfigure)
                  00000b30    00000046                   : uart.obj (.text:UARTConfigSetExpClk)
                  00000b76    00000002     --HOLE-- [fill = 0]
                  00000b78    00000034                   : sysctl.obj (.text:SysCtlPeripheralEnable)
                  00000bac    0000002a                   : gpio.obj (.text:GPIODirModeSet)
                  00000bd6    00000002     --HOLE-- [fill = 0]
                  00000bd8    00000020                   : uart.obj (.text:UARTDisable)
                  00000bf8    00000018                   : gpio.obj (.text:GPIOPinTypeGPIOOutput)
                  00000c10    00000018     rtsv7M4_T_le_v4SPD16_eabi.lib : args_main.obj (.text)
                  00000c28    00000014     driverlib.lib : uart.obj (.text:UARTEnable)
                  00000c3c    00000014     rtsv7M4_T_le_v4SPD16_eabi.lib : _lock.obj (.text)
                  00000c50    00000012     driverlib.lib : gpio.obj (.text:GPIOPinTypeUART)
                  00000c62    00000002     --HOLE-- [fill = 0]
                  00000c64    00000010                   : fpu.obj (.text:FPUEnable)
                  00000c74    00000010                   : fpu.obj (.text:FPULazyStackingEnable)
                  00000c84    00000010                   : interrupt.obj (.text:IntMasterEnable)
                  00000c94    0000000e                   : uart.obj (.text:UARTCharGetNonBlocking)
                  00000ca2    0000000e                   : uart.obj (.text:UARTCharPutNonBlocking)
                  00000cb0    0000000e                   : uart.obj (.text:UARTCharsAvail)
                  00000cbe    0000000e     rtsv7M4_T_le_v4SPD16_eabi.lib : copy_decompress_none.obj (.text:decompress:none)
                  00000ccc    0000000c     driverlib.lib : cpu.obj (.text:CPUcpsie)
                  00000cd8    0000000c     rtsv7M4_T_le_v4SPD16_eabi.lib : copy_zero_init.obj (.text:decompress:ZI)
                  00000ce4    0000000c     tm4c123gh6pm_startup_ccs.obj (.text)
                  00000cf0    0000000a     driverlib.lib : uart.obj (.text:UARTIntStatus)
                  00000cfa    00000008                   : uart.obj (.text:UARTBusy)
                  00000d02    00000008                   : uart.obj (.text:UARTIntEnable)
                  00000d0a    00000006                   : sysctl.obj (.text:SysCtlDelay)
                  00000d10    00000004                   : uart.obj (.text:UARTIntClear)
                  00000d14    00000004     rtsv7M4_T_le_v4SPD16_eabi.lib : pre_init.obj (.text)

.const     0    00000d18    0000016c     
                  00000d18    00000090     driverlib.lib : gpio.obj (.const:g_pui32GPIOBaseAddrs)
                  00000da8    00000070                   : interrupt.obj (.const)
                  00000e18    0000006c                   : sysctl.obj (.const:g_pui32Xtals)

.cinit     0    00000e88    00000040     
                  00000e88    00000016     (.cinit..data.load) [load image, compression = lzss]
                  00000e9e    00000002     --HOLE-- [fill = 0]
                  00000ea0    0000000c     (__TI_handler_table)
                  00000eac    00000004     --HOLE-- [fill = 0]
                  00000eb0    00000008     (.cinit..bss.load) [load image, compression = zero_init]
                  00000eb8    00000010     (__TI_cinit_table)

.init_array 
*          0    00000000    00000000     UNINITIALIZED

.stack     0    20000000    00000200     UNINITIALIZED
                  20000000    00000200     --HOLE--

.bss       0    20000200    0000012c     UNINITIALIZED
                  20000200    0000012c     (.common:charArray)

.data      0    2000032c    00000024     UNINITIALIZED
                  2000032c    0000000c     rtsv7M4_T_le_v4SPD16_eabi.lib : exit.obj (.data:$O1$$)
                  20000338    0000000c     main.obj (.data)
                  20000344    00000008     rtsv7M4_T_le_v4SPD16_eabi.lib : _lock.obj (.data:$O1$$)
                  2000034c    00000004                                   : stkdepth_vars.obj (.data)

MODULE SUMMARY

       Module                         code   ro data   rw data
       ------                         ----   -------   -------
    .\
       main.obj                       504    0         312    
       tm4c123gh6pm_startup_ccs.obj   12     620       0      
    +--+------------------------------+------+---------+---------+
       Total:                         516    620       312    
                                                              
    C:/ti/TivaWare_C_Series-2.1.4.178/driverlib/ccs/Debug/driverlib.lib
       sysctl.obj                     574    108       0      
       gpio.obj                       462    144       0      
       interrupt.obj                  120    112       0      
       uart.obj                       194    0         0      
       fpu.obj                        32     0         0      
       cpu.obj                        12     0         0      
    +--+------------------------------+------+---------+---------+
       Total:                         1394   364       0      
                                                              
    C:\ti\ccsv7\tools\compiler\ti-cgt-arm_16.9.1.LTS\lib\rtsv7M4_T_le_v4SPD16_eabi.lib
       memcpy_t2.obj                  156    0         0      
       memset_t2.obj                  122    0         0      
       autoinit.obj                   112    0         0      
       copy_decompress_lzss.obj       104    0         0      
       exit.obj                       84     0         12     
       boot.obj                       84     0         0      
       cpy_tbl.obj                    76     0         0      
       _lock.obj                      20     0         8      
       args_main.obj                  24     0         0      
       copy_decompress_none.obj       14     0         0      
       copy_zero_init.obj             12     0         0      
       pre_init.obj                   4      0         0      
       stkdepth_vars.obj              0      0         4      
       mpu_init.obj                   2      0         0      
       startup.obj                    2      0         0      
    +--+------------------------------+------+---------+---------+
       Total:                         816    0         24     
                                                              
       Stack:                         0      0         512    
       Linker Generated:              0      58        0      
    +--+------------------------------+------+---------+---------+
       Grand Total:                   2726   1042      848    


LINKER GENERATED COPY TABLES

__TI_cinit_table @ 00000eb8 records: 2, size/record: 8, table size: 16
	.data: load addr=00000e88, load size=00000016 bytes, run addr=2000032c, run size=00000024 bytes, compression=lzss
	.bss: load addr=00000eb0, load size=00000008 bytes, run addr=20000200, run size=0000012c bytes, compression=zero_init


LINKER GENERATED HANDLER TABLE

__TI_handler_table @ 00000ea0 records: 3, size/record: 4, table size: 12
	index: 0, handler: __TI_decompress_lzss
	index: 1, handler: __TI_decompress_none
	index: 2, handler: __TI_zero_init


GLOBAL SYMBOLS: SORTED ALPHABETICALLY BY Name 

address   name                           
-------   ----                           
00000a49  C$$EXIT                        
00000ccd  CPUcpsie                       
00000c65  FPUEnable                      
00000c75  FPULazyStackingEnable          
00000bad  GPIODirModeSet                 
00000465  GPIOPadConfigSet               
00000ae9  GPIOPinConfigure               
00000bf9  GPIOPinTypeGPIOOutput          
00000c51  GPIOPinTypeUART                
00000925  IntEnable                      
00000c85  IntMasterEnable                
0000029b  LiFiIntHandler                 
000002b1  LiFiSendChar                   
00000ce5  ResetISR                       
UNDEFED   SHT$$INIT_ARRAY$$Base          
UNDEFED   SHT$$INIT_ARRAY$$Limit         
00000599  SysCtlClockGet                 
000006a9  SysCtlClockSet                 
00000d0b  SysCtlDelay                    
00000b79  SysCtlPeripheralEnable         
00000cfb  UARTBusy                       
00000c95  UARTCharGetNonBlocking         
00000ca3  UARTCharPutNonBlocking         
00000cb1  UARTCharsAvail                 
00000b31  UARTConfigSetExpClk            
00000bd9  UARTDisable                    
00000c29  UARTEnable                     
00000d11  UARTIntClear                   
00000d03  UARTIntEnable                  
0000026d  UARTIntHandler                 
00000cf1  UARTIntStatus                  
20000200  __STACK_END                    
00000200  __STACK_SIZE                   
20000200  __STACK_TOP                    
00000eb8  __TI_CINIT_Base                
00000ec8  __TI_CINIT_Limit               
00000ea0  __TI_Handler_Table_Base        
00000eac  __TI_Handler_Table_Limit       
000008b5  __TI_auto_init                 
2000032c  __TI_cleanup_ptr               
0000098d  __TI_decompress_lzss           
00000cbf  __TI_decompress_none           
20000330  __TI_dtors_ptr                 
20000334  __TI_enable_exit_profile_output
ffffffff  __TI_pprof_out_hndl            
ffffffff  __TI_prof_data_size            
ffffffff  __TI_prof_data_start           
00000000  __TI_static_base__             
00000cd9  __TI_zero_init                 
00000839  __aeabi_memclr                 
00000839  __aeabi_memclr4                
00000839  __aeabi_memclr8                
0000079d  __aeabi_memcpy                 
0000079d  __aeabi_memcpy4                
0000079d  __aeabi_memcpy8                
0000083b  __aeabi_memset                 
0000083b  __aeabi_memset4                
0000083b  __aeabi_memset8                
ffffffff  __binit__                      
ffffffff  __c_args__                     
00000597  __mpu_init                     
20000000  __stack                        
00000c11  _args_main                     
000009f5  _c_int00                       
20000344  _lock                          
00000c4b  _nop                           
00000c43  _register_lock                 
00000c3d  _register_unlock               
000008b3  _system_post_cinit             
00000d15  _system_pre_init               
20000348  _unlock                        
00000a4d  abort                          
ffffffff  binit                          
20000200  charArray                      
00000a9d  copy_in                        
000003f5  dequeue                        
000003bb  enqueue                        
00000a55  exit                           
00000000  g_pfnVectors                   
20000338  head                           
00000397  isEmpty                        
000003a3  isFull                         
20000340  itemCount                      
000002d3  main                           
2000034c  main_func_sp                   
0000079d  memcpy                         
00000841  memset                         
0000038d  peek                           
000003b5  size                           
2000033c  tail                           


GLOBAL SYMBOLS: SORTED BY Symbol Address 

address   name                           
-------   ----                           
00000000  __TI_static_base__             
00000000  g_pfnVectors                   
00000200  __STACK_SIZE                   
0000026d  UARTIntHandler                 
0000029b  LiFiIntHandler                 
000002b1  LiFiSendChar                   
000002d3  main                           
0000038d  peek                           
00000397  isEmpty                        
000003a3  isFull                         
000003b5  size                           
000003bb  enqueue                        
000003f5  dequeue                        
00000465  GPIOPadConfigSet               
00000597  __mpu_init                     
00000599  SysCtlClockGet                 
000006a9  SysCtlClockSet                 
0000079d  __aeabi_memcpy                 
0000079d  __aeabi_memcpy4                
0000079d  __aeabi_memcpy8                
0000079d  memcpy                         
00000839  __aeabi_memclr                 
00000839  __aeabi_memclr4                
00000839  __aeabi_memclr8                
0000083b  __aeabi_memset                 
0000083b  __aeabi_memset4                
0000083b  __aeabi_memset8                
00000841  memset                         
000008b3  _system_post_cinit             
000008b5  __TI_auto_init                 
00000925  IntEnable                      
0000098d  __TI_decompress_lzss           
000009f5  _c_int00                       
00000a49  C$$EXIT                        
00000a4d  abort                          
00000a55  exit                           
00000a9d  copy_in                        
00000ae9  GPIOPinConfigure               
00000b31  UARTConfigSetExpClk            
00000b79  SysCtlPeripheralEnable         
00000bad  GPIODirModeSet                 
00000bd9  UARTDisable                    
00000bf9  GPIOPinTypeGPIOOutput          
00000c11  _args_main                     
00000c29  UARTEnable                     
00000c3d  _register_unlock               
00000c43  _register_lock                 
00000c4b  _nop                           
00000c51  GPIOPinTypeUART                
00000c65  FPUEnable                      
00000c75  FPULazyStackingEnable          
00000c85  IntMasterEnable                
00000c95  UARTCharGetNonBlocking         
00000ca3  UARTCharPutNonBlocking         
00000cb1  UARTCharsAvail                 
00000cbf  __TI_decompress_none           
00000ccd  CPUcpsie                       
00000cd9  __TI_zero_init                 
00000ce5  ResetISR                       
00000cf1  UARTIntStatus                  
00000cfb  UARTBusy                       
00000d03  UARTIntEnable                  
00000d0b  SysCtlDelay                    
00000d11  UARTIntClear                   
00000d15  _system_pre_init               
00000ea0  __TI_Handler_Table_Base        
00000eac  __TI_Handler_Table_Limit       
00000eb8  __TI_CINIT_Base                
00000ec8  __TI_CINIT_Limit               
20000000  __stack                        
20000200  __STACK_END                    
20000200  __STACK_TOP                    
20000200  charArray                      
2000032c  __TI_cleanup_ptr               
20000330  __TI_dtors_ptr                 
20000334  __TI_enable_exit_profile_output
20000338  head                           
2000033c  tail                           
20000340  itemCount                      
20000344  _lock                          
20000348  _unlock                        
2000034c  main_func_sp                   
ffffffff  __TI_pprof_out_hndl            
ffffffff  __TI_prof_data_size            
ffffffff  __TI_prof_data_start           
ffffffff  __binit__                      
ffffffff  __c_args__                     
ffffffff  binit                          
UNDEFED   SHT$$INIT_ARRAY$$Base          
UNDEFED   SHT$$INIT_ARRAY$$Limit         

[90 symbols]
